[21:45:03] [main/INFO]: Loading Minecraft 1.20.1 with Fabric Loader 0.16.3
[21:45:03] [main/INFO]: Loading 4 mods:
	- fabricloader 0.16.3
	   \-- mixinextras 0.4.1
	- java 17
	- minecraft 1.20.1
[21:45:04] [main/INFO]: SpongePowered MIXIN Subsystem Version=0.8.7 Source=file:/workspaces/prueba03/servidor_minecraft/libraries/net/fabricmc/sponge-mixin/0.15.2+mixin.0.8.7/sponge-mixin-0.15.2+mixin.0.8.7.jar Service=Knot/Fabric Env=SERVER
[21:45:09] [main/INFO]: Environment: authHost='https://authserver.mojang.com', accountsHost='https://api.mojang.com', sessionHost='https://sessionserver.mojang.com', servicesHost='https://api.minecraftservices.com', name='PROD'
[21:45:10] [main/INFO]: Loaded 7 recipes
[21:45:10] [main/INFO]: Loaded 1271 advancements
[21:45:11] [Server thread/INFO]: Starting minecraft server version 1.20.1
[21:45:11] [Server thread/INFO]: Loading properties
[21:45:11] [Server thread/INFO]: Default game type: SURVIVAL
[21:45:11] [Server thread/INFO]: Generating keypair
[21:45:11] [Server thread/INFO]: Starting Minecraft server on *:25565
[21:45:11] [Server thread/INFO]: Using epoll channel type
[21:45:11] [Server thread/WARN]: **** SERVER IS RUNNING IN OFFLINE/INSECURE MODE!
[21:45:11] [Server thread/WARN]: The server will make no attempt to authenticate usernames. Beware.
[21:45:11] [Server thread/WARN]: While this makes the game possible to play without internet access, it also opens up the ability for hackers to connect with any username they choose.
[21:45:11] [Server thread/WARN]: To change this, set "online-mode" to "true" in the server.properties file.
[21:45:11] [Server thread/INFO]: Preparing level "world"
[21:45:17] [Server thread/INFO]: Preparing start region for dimension minecraft:overworld
[21:45:18] [Worker-Main-2/INFO]: Preparing spawn area: 0%
[21:45:18] [Worker-Main-1/INFO]: Preparing spawn area: 0%
[21:45:18] [Worker-Main-3/INFO]: Preparing spawn area: 0%
[21:45:18] [Worker-Main-2/INFO]: Preparing spawn area: 0%
[21:45:19] [Worker-Main-3/INFO]: Preparing spawn area: 0%
[21:45:19] [Worker-Main-2/INFO]: Preparing spawn area: 1%
[21:45:20] [Worker-Main-2/INFO]: Preparing spawn area: 2%
[21:45:20] [Worker-Main-2/INFO]: Preparing spawn area: 2%
[21:45:21] [Worker-Main-3/INFO]: Preparing spawn area: 3%
[21:45:21] [Worker-Main-1/INFO]: Preparing spawn area: 4%
[21:45:22] [Worker-Main-2/INFO]: Preparing spawn area: 5%
[21:45:22] [Worker-Main-1/INFO]: Preparing spawn area: 6%
[21:45:23] [Worker-Main-3/INFO]: Preparing spawn area: 8%
[21:45:23] [Worker-Main-2/INFO]: Preparing spawn area: 9%
[21:45:24] [Worker-Main-2/INFO]: Preparing spawn area: 11%
[21:45:24] [Worker-Main-1/INFO]: Preparing spawn area: 14%
[21:45:25] [Worker-Main-1/INFO]: Preparing spawn area: 16%
[21:45:25] [Worker-Main-2/INFO]: Preparing spawn area: 17%
[21:45:26] [Worker-Main-3/INFO]: Preparing spawn area: 20%
[21:45:26] [Worker-Main-1/INFO]: Preparing spawn area: 23%
[21:45:27] [Worker-Main-2/INFO]: Preparing spawn area: 24%
[21:45:27] [Worker-Main-1/INFO]: Preparing spawn area: 27%
[21:45:28] [Worker-Main-1/INFO]: Preparing spawn area: 31%
[21:45:28] [Worker-Main-1/INFO]: Preparing spawn area: 33%
[21:45:29] [Worker-Main-2/INFO]: Preparing spawn area: 35%
[21:45:29] [Worker-Main-3/INFO]: Preparing spawn area: 39%
[21:45:30] [Worker-Main-2/INFO]: Preparing spawn area: 41%
[21:45:30] [Worker-Main-1/INFO]: Preparing spawn area: 44%
[21:45:31] [Worker-Main-3/INFO]: Preparing spawn area: 46%
[21:45:31] [Worker-Main-2/INFO]: Preparing spawn area: 50%
[21:45:32] [Worker-Main-2/INFO]: Preparing spawn area: 51%
[21:45:32] [Worker-Main-2/INFO]: Preparing spawn area: 55%
[21:45:33] [Worker-Main-3/INFO]: Preparing spawn area: 58%
[21:45:33] [Worker-Main-1/INFO]: Preparing spawn area: 60%
[21:45:34] [Worker-Main-1/INFO]: Preparing spawn area: 64%
[21:45:34] [Worker-Main-1/INFO]: Preparing spawn area: 67%
[21:45:35] [Worker-Main-2/INFO]: Preparing spawn area: 70%
[21:45:35] [Worker-Main-3/INFO]: Preparing spawn area: 72%
[21:45:36] [Worker-Main-1/INFO]: Preparing spawn area: 74%
[21:45:36] [Worker-Main-2/INFO]: Preparing spawn area: 74%
[21:45:37] [Worker-Main-1/INFO]: Preparing spawn area: 77%
[21:45:37] [Worker-Main-1/INFO]: Preparing spawn area: 79%
[21:45:38] [Worker-Main-3/INFO]: Preparing spawn area: 83%
[21:45:38] [Worker-Main-3/INFO]: Preparing spawn area: 85%
[21:45:39] [Worker-Main-3/INFO]: Preparing spawn area: 89%
[21:45:39] [Worker-Main-1/INFO]: Preparing spawn area: 93%
[21:45:40] [Worker-Main-1/INFO]: Preparing spawn area: 96%
[21:45:40] [Server thread/INFO]: Time elapsed: 23426 ms
[21:45:40] [Server thread/INFO]: Done (29.165s)! For help, type "help"
[21:45:40] [Server thread/INFO]: Unknown or incomplete command, see below for error
[21:45:40] [Server thread/INFO]: <--[HERE]
[21:49:36] [Server thread/INFO]: Unknown or incomplete command, see below for error
[21:49:36] [Server thread/INFO]: her<--[HERE]
[21:49:41] [Server thread/INFO]: Unknown or incomplete command, see below for error
[21:49:41] [Server thread/INFO]: here<--[HERE]
[21:51:13] [Server thread/INFO]: carlosZGV[/127.141.120.141:50331] logged in with entity id 339 at (1.5, 79.0, 8.5)
[21:51:13] [Server thread/INFO]: carlosZGV joined the game
[21:51:13] [Server thread/INFO]: carlosZGV lost connection: Disconnected
[21:51:13] [Server thread/INFO]: carlosZGV left the game
[21:51:28] [Server thread/INFO]: carlosZGV[/127.141.120.141:60477] logged in with entity id 362 at (1.5, 79.0, 8.5)
[21:51:28] [Server thread/INFO]: carlosZGV joined the game
[21:51:28] [Server thread/INFO]: carlosZGV lost connection: Disconnected
[21:51:28] [Server thread/INFO]: carlosZGV left the game
